{
  "month" : [ 2023, 1 ],
  "days" : [ {
    "day" : "--01-15",
    "records" : [ {
      "start" : [ 10, 30 ],
      "stop" : [ 11, 0 ]
    }, {
      "start" : [ 15, 59 ],
      "stop" : null
    } ]
  } ]
}